../Drivers/BSP/STM32WBAxx_Nucleo/stm32wbaxx_nucleo.c:115:9:BSP_GetVersion	4	static
../Drivers/BSP/STM32WBAxx_Nucleo/stm32wbaxx_nucleo.c:124:16:BSP_GetBoardName	4	static
../Drivers/BSP/STM32WBAxx_Nucleo/stm32wbaxx_nucleo.c:133:16:BSP_GetBoardID	4	static
../Drivers/BSP/STM32WBAxx_Nucleo/stm32wbaxx_nucleo.c:151:9:BSP_LED_Init	48	static
../Drivers/BSP/STM32WBAxx_Nucleo/stm32wbaxx_nucleo.c:191:9:BSP_LED_DeInit	40	static
../Drivers/BSP/STM32WBAxx_Nucleo/stm32wbaxx_nucleo.c:213:9:BSP_LED_On	16	static
../Drivers/BSP/STM32WBAxx_Nucleo/stm32wbaxx_nucleo.c:229:9:BSP_LED_Off	16	static
../Drivers/BSP/STM32WBAxx_Nucleo/stm32wbaxx_nucleo.c:245:9:BSP_LED_Toggle	16	static
../Drivers/BSP/STM32WBAxx_Nucleo/stm32wbaxx_nucleo.c:260:9:BSP_LED_GetState	24	static
../Drivers/BSP/STM32WBAxx_Nucleo/stm32wbaxx_nucleo.c:291:9:BSP_PB_Init	88	static
../Drivers/BSP/STM32WBAxx_Nucleo/stm32wbaxx_nucleo.c:366:9:BSP_PB_DeInit	40	static
../Drivers/BSP/STM32WBAxx_Nucleo/stm32wbaxx_nucleo.c:386:9:BSP_PB_GetState	24	static
../Drivers/BSP/STM32WBAxx_Nucleo/stm32wbaxx_nucleo.c:404:13:BSP_PB_Callback	16	static
../Drivers/BSP/STM32WBAxx_Nucleo/stm32wbaxx_nucleo.c:422:6:BSP_PB_IRQHandler	16	static
../Drivers/BSP/STM32WBAxx_Nucleo/stm32wbaxx_nucleo.c:648:13:B1_EXTI_Callback	8	static
../Drivers/BSP/STM32WBAxx_Nucleo/stm32wbaxx_nucleo.c:657:13:B2_EXTI_Callback	8	static
../Drivers/BSP/STM32WBAxx_Nucleo/stm32wbaxx_nucleo.c:666:13:B3_EXTI_Callback	8	static
