../Drivers/STM32WBAxx_HAL_Driver/Inc/stm32wbaxx_ll_rtc.h:1776:26:LL_RTC_TIME_GetSubSecond	16	static
../System/Interfaces/timer_if.c:190:21:TIMER_IF_Init	16	static
../System/Interfaces/timer_if.c:231:21:TIMER_IF_StartTimer	72	static
../System/Interfaces/timer_if.c:271:21:TIMER_IF_StopTimer	16	static
../System/Interfaces/timer_if.c:296:10:TIMER_IF_SetTimerContext	8	static
../System/Interfaces/timer_if.c:315:10:TIMER_IF_GetTimerContext	4	static
../System/Interfaces/timer_if.c:331:10:TIMER_IF_GetTimerElapsedTime	8	static
../System/Interfaces/timer_if.c:344:10:TIMER_IF_GetTimerValue	8	static
../System/Interfaces/timer_if.c:364:10:TIMER_IF_GetMinimumTimeout	4	static
../System/Interfaces/timer_if.c:377:10:TIMER_IF_Convert_ms2Tick	24	static
../System/Interfaces/timer_if.c:390:10:TIMER_IF_Convert_Tick2ms	40	static
../System/Interfaces/timer_if.c:403:6:TIMER_IF_DelayMs	24	static,ignoring_inline_asm
../System/Interfaces/timer_if.c:423:6:HAL_RTC_AlarmAEventCallback	16	static
../System/Interfaces/timer_if.c:436:6:HAL_RTCEx_SSRUEventCallback	24	static
../System/Interfaces/timer_if.c:454:10:TIMER_IF_GetTime	80	static
../System/Interfaces/timer_if.c:487:6:TIMER_IF_BkUp_Write_Seconds	16	static
../System/Interfaces/timer_if.c:500:6:TIMER_IF_BkUp_Write_SubSeconds	16	static
../System/Interfaces/timer_if.c:513:10:TIMER_IF_BkUp_Read_Seconds	8	static
../System/Interfaces/timer_if.c:526:10:TIMER_IF_BkUp_Read_SubSeconds	8	static
../System/Interfaces/timer_if.c:539:13:TIMER_IF_BkUp_Write_MSBticks	16	static
../System/Interfaces/timer_if.c:552:17:TIMER_IF_BkUp_Read_MSBticks	16	static
../System/Interfaces/timer_if.c:567:24:GetTimerTicks	8	static
