../STM32_WPAN/App/gatt_client_app.c:137:6:GATT_CLIENT_APP_Init	16	static
../STM32_WPAN/App/gatt_client_app.c:160:6:GATT_CLIENT_APP_Notification	16	static
../STM32_WPAN/App/gatt_client_app.c:195:9:GATT_CLIENT_APP_Set_Conn_Handle	24	static
../STM32_WPAN/App/gatt_client_app.c:212:9:GATT_CLIENT_APP_Get_State	16	static
../STM32_WPAN/App/gatt_client_app.c:217:6:GATT_CLIENT_APP_Discover_services	16	static
../STM32_WPAN/App/gatt_client_app.c:227:9:GATT_CLIENT_APP_Procedure_Gatt	32	static
../STM32_WPAN/App/gatt_client_app.c:359:30:Event_Handler	72	static
../STM32_WPAN/App/gatt_client_app.c:460:20:gatt_Notification	16	static
../STM32_WPAN/App/gatt_client_app.c:492:13:gatt_parse_services	32	static
../STM32_WPAN/App/gatt_client_app.c:592:13:gatt_parse_services_by_UUID	24	static
../STM32_WPAN/App/gatt_client_app.c:618:13:gatt_parse_chars	32	static
../STM32_WPAN/App/gatt_client_app.c:717:13:gatt_parse_descs	32	static
../STM32_WPAN/App/gatt_client_app.c:835:13:gatt_parse_notification	16	static
../STM32_WPAN/App/gatt_client_app.c:847:13:client_discover_all	8	static
../STM32_WPAN/App/gatt_client_app.c:853:13:gatt_cmd_resp_release	8	static
../STM32_WPAN/App/gatt_client_app.c:859:13:gatt_cmd_resp_wait	8	static
