../Drivers/CMSIS/Include/core_cm33.h:2448:34:__NVIC_SystemReset	4	static,ignoring_inline_asm
../STM32_WPAN/App/ota_app.c:138:6:OTA_Notification	40	static
../STM32_WPAN/App/ota_app.c:489:6:OTA_APP_EvtRx	16	static
../STM32_WPAN/App/ota_app.c:526:6:OTA_APP_Init	8	static
../STM32_WPAN/App/ota_app.c:544:9:OTA_APP_GetConfStatus	4	static
../STM32_WPAN/App/ota_app.c:552:13:DeleteSlot	40	static
../STM32_WPAN/App/ota_app.c:597:13:FM_WriteCallback	16	static
../STM32_WPAN/App/ota_app.c:606:13:FM_EraseCallback	16	static
../STM32_WPAN/App/ota_app.c:621:13:OTA_Conf_SendIndication	24	static
