../Core/Src/main.c:76:5:main	8	static
../Core/Src/main.c:134:6:SystemClock_Config	104	static
../Core/Src/main.c:189:6:PeriphCommonClock_Config	72	static
../Core/Src/main.c:209:13:MX_ADC4_Init	24	static
../Core/Src/main.c:268:6:MX_CRC_Init	8	static
../Core/Src/main.c:301:6:MX_ICACHE_Init	8	static
../Core/Src/main.c:333:6:MX_RAMCFG_Init	8	static
../Core/Src/main.c:362:6:MX_RNG_Init	8	static
../Core/Src/main.c:389:6:MX_RTC_Init	88	static
../Core/Src/main.c:459:13:MX_USART1_UART_Init	8	static
../Core/Src/main.c:507:6:MX_GPIO_Init	40	static
../Core/Src/main.c:555:6:Error_Handler	4	static,ignoring_inline_asm
../Core/Src/main.c:574:6:assert_failed	16	static
