../Drivers/STM32WBAxx_HAL_Driver/Inc/stm32wbaxx_ll_rcc.h:813:22:LL_RCC_HSE_Enable	4	static
../Drivers/STM32WBAxx_HAL_Driver/Inc/stm32wbaxx_ll_rcc.h:833:26:LL_RCC_HSE_IsReady	4	static
../Drivers/STM32WBAxx_HAL_Driver/Inc/stm32wbaxx_ll_rcc.h:844:22:LL_RCC_HSE_EnablePrescaler	4	static
../Drivers/STM32WBAxx_HAL_Driver/Inc/stm32wbaxx_ll_rcc.h:855:22:LL_RCC_HSE_DisablePrescaler	4	static
../Drivers/STM32WBAxx_HAL_Driver/Inc/stm32wbaxx_ll_rcc.h:945:22:LL_RCC_HSI_Disable	4	static
../Drivers/STM32WBAxx_HAL_Driver/Inc/stm32wbaxx_ll_rcc.h:1421:22:LL_RCC_SetSysClkSource	16	static
../Drivers/STM32WBAxx_HAL_Driver/Inc/stm32wbaxx_ll_rcc.h:1434:26:LL_RCC_GetSysClkSource	4	static
../Drivers/STM32WBAxx_HAL_Driver/Inc/stm32wbaxx_ll_rcc.h:1528:22:LL_RCC_SetAHB5Prescaler	16	static
../Drivers/STM32WBAxx_HAL_Driver/Inc/stm32wbaxx_ll_rcc.h:1541:22:LL_RCC_SetAHB5Divider	16	static
../Drivers/STM32WBAxx_HAL_Driver/Inc/stm32wbaxx_ll_rcc.h:1629:26:LL_RCC_GetAHB5Prescaler	4	static
../Drivers/STM32WBAxx_HAL_Driver/Inc/stm32wbaxx_ll_rcc.h:1641:26:LL_RCC_GetAHB5Divider	4	static
../Drivers/STM32WBAxx_HAL_Driver/Inc/stm32wbaxx_ll_rcc.h:2199:22:LL_RCC_PLL1_Disable	4	static
../Drivers/STM32WBAxx_HAL_Driver/Inc/stm32wbaxx_ll_rcc.h:2347:22:LL_RCC_PLL1_SetMainSource	16	static
../Drivers/STM32WBAxx_HAL_Driver/Inc/stm32wbaxx_ll_rcc.h:2380:26:LL_RCC_PLL1_GetN	4	static
../Drivers/STM32WBAxx_HAL_Driver/Inc/stm32wbaxx_ll_rcc.h:2403:26:LL_RCC_PLL1_GetP	4	static
../Drivers/STM32WBAxx_HAL_Driver/Inc/stm32wbaxx_ll_rcc.h:2426:26:LL_RCC_PLL1_GetQ	4	static
../Drivers/STM32WBAxx_HAL_Driver/Inc/stm32wbaxx_ll_rcc.h:2448:26:LL_RCC_PLL1_GetR	4	static
../Drivers/STM32WBAxx_HAL_Driver/Inc/stm32wbaxx_ll_rcc.h:2468:26:LL_RCC_PLL1_GetDivider	4	static
../Drivers/STM32WBAxx_HAL_Driver/Inc/stm32wbaxx_ll_rcc.h:2576:22:LL_RCC_PLL1FRACN_Enable	4	static
../Drivers/STM32WBAxx_HAL_Driver/Inc/stm32wbaxx_ll_rcc.h:2596:22:LL_RCC_PLL1FRACN_Disable	4	static
../Drivers/STM32WBAxx_HAL_Driver/Inc/stm32wbaxx_ll_rcc.h:2606:22:LL_RCC_PLL1_SetFRACN	16	static
../Drivers/STM32WBAxx_HAL_Driver/Inc/stm32wbaxx_ll_rcc.h:2616:26:LL_RCC_PLL1_GetFRACN	4	static
../Drivers/STM32WBAxx_HAL_Driver/Inc/stm32wbaxx_ll_pwr.h:713:22:LL_PWR_SetRegulVoltageScaling	16	static
../Drivers/STM32WBAxx_HAL_Driver/Inc/stm32wbaxx_ll_pwr.h:1375:26:LL_PWR_IsActiveFlag_VOS	4	static
../System/Modules/scm.c:57:26:scm_getmaxfreq	16	static
../System/Modules/scm.c:73:13:scm_systemclockconfig	8	static
../System/Modules/scm.c:155:13:SwitchHse16toHse32	8	static
../System/Modules/scm.c:179:13:SwitchHse32toHse16	8	static
../System/Modules/scm.c:201:13:SwitchPlltoHse32	8	static
../System/Modules/scm.c:221:13:ConfigStartPll	8	static
../System/Modules/scm.c:233:13:ConfigHwPll	16	static
../System/Modules/scm.c:258:6:scm_init	16	static
../System/Modules/scm.c:350:6:scm_setup	8	static
../System/Modules/scm.c:410:6:scm_pll_setconfig	16	static
../System/Modules/scm.c:425:6:scm_pll_fractional_update	16	static
../System/Modules/scm.c:440:6:scm_setsystemclock	40	static,ignoring_inline_asm
../System/Modules/scm.c:524:13:scm_pllconfigready	4	static
../System/Modules/scm.c:528:6:scm_setwaitstates	16	static
../System/Modules/scm.c:577:6:scm_hserdy_isr	8	static
../System/Modules/scm.c:637:6:scm_pllrdy_isr	8	static
../System/Modules/scm.c:668:6:scm_notifyradiostate	16	static
../System/Modules/scm.c:682:6:scm_standbyexit	8	static
